=================================================================
  AROME 51h: meteofetch SFC + meteofetch 3D + WCS + SRH/SHEAR (blindat)
  Pausa cada 10 req: 5.0s
=================================================================
  Comprovant connexió... ✓
  ✓ Borrats 98 fitxers (1.05 GB alliberats)

  GetCapabilities... ✓ 9158 coverages
  Runs WCS: 2026-07-21T15, 2026-07-21T12, 2026-07-21T09, 2026-07-21T06, 2026-07-21T03

  Analitzant runs per meteofetch...
    ✅ 2026-07-21T15: 51 hores OK

  ✅ Run meteofetch: 2026-07-21T15Z = 21/07 17:00 CEST
  ✅ Run WCS:        2026-07-21T15Z = 21/07 17:00 CEST
  Steps: +6h a +51h (46 hores)

  ╔══════════════════════════════════════╗
  ║  📡 SFC: meteofetch SP1+SP2 (19 vars)   ║
  ╚══════════════════════════════════════╝
  [00H06H] SP1: 53MB 

  ⚠️  Senyal d'interrupció rebuda (Ctrl+C). Acabant la petició en curs i
      desant tot el que ja s'hagi descarregat... (Ctrl+C un altre cop força sortida)

  ❌ Sortida forçada per l'usuari.
