=================================================================
  AROME 51h: meteofetch SFC + meteofetch 3D + WCS (blindat)
  Pausa cada 10 req: 5.0s
=================================================================
  Comprovant connexió... ✓

  GetCapabilities... ✓ 15884 coverages
  Runs WCS: 2026-07-17T18, 2026-07-17T15, 2026-07-17T12, 2026-07-17T09, 2026-07-17T06

  Analitzant runs per meteofetch...
    ⚠️  2026-07-17T18: 49H51H no disponible (HTTP 404)
    ✅ 2026-07-17T15: 51 hores OK

  ✅ Run meteofetch: 2026-07-17T15Z = 17/07 17:00 CEST
  ✅ Run WCS:        2026-07-17T15Z = 17/07 17:00 CEST
  Steps: +7h a +51h (45 hores)

  ╔══════════════════════════════════════╗
  ║  📡 SFC: meteofetch SP1+SP2 (19 vars)   ║
  ╚══════════════════════════════════════╝
  [07H12H] SP1: 51MB ✓ (48 vars)
  [07H12H] SP2: 36MB ✓ (48 vars)
  [13H18H] SP1: 51MB ✓ (48 vars)
  [13H18H] SP2: 37MB ✓ (48 vars)
  [19H24H] SP1: 51MB ✓ (48 vars)
  [19H24H] SP2: 37MB ✓ (48 vars)
  [25H30H] SP1: 50MB ✓ (48 vars)
  [25H30H] SP2: 37MB ✓ (48 vars)
  [31H36H] SP1: 52MB ✓ (48 vars)
  [31H36H] SP2: 37MB ✓ (48 vars)
  [37H42H] SP1: 51MB ✓ (48 vars)
  [37H42H] SP2: 37MB ✓ (48 vars)
  [43H48H] SP1: 51MB ✓ (48 vars)
  [43H48H] SP2: 38MB ✓ (48 vars)
  [49H51H] SP1: 25MB ✓ (24 vars)
  [49H51H] SP2: 19MB ✓ (24 vars)
  ✅ SFC meteofetch: 720 vars en 45/45h
     Pes GRIB: 658.0 MB
     Graella: 120×160 = 19200 punts
     Temps: 1m 27s

  ╔══════════════════════════════════════╗
  ║  🌐 WCS: 4 vars × 45h = 180 req        ║
  ║  Pausa: 0.15s | Descans cada 10: 5.0s ║
  ╚══════════════════════════════════════╝
    ⚠️  reflectivity_dbz: cap coverage trobat per al run 2026-07-17T15
    ⚠️  rain: cap coverage trobat per al run 2026-07-17T15
    ⚠️  lightning: cap coverage trobat per al run 2026-07-17T15
    ⚠️  precip_water: cap coverage trobat per al run 2026-07-17T15
    ⚠️  cap coverage WCS trobat, s'omet aquesta font

  ╔══════════════════════════════════════╗
  ║  📡 3D: IP1+IP3 (meteofetch)        ║
  ╚══════════════════════════════════════╝
  [IP1][07H12H] 407MB ✓ (480 vars)
  [IP1][13H18H] 393MB ✓ (480 vars)
  [IP1][19H24H] 393MB ✓ (480 vars)
  [IP1][25H30H] 395MB ✓ (480 vars)
  [IP1][31H36H] 393MB ✓ (480 vars)
  [IP1][37H42H] 388MB ✓ (480 vars)
  [IP1][43H48H] 390MB ✓ (480 vars)
  [IP1][49H51H] 196MB ✓ (240 vars)
  [IP3][07H12H] 643MB ✓ (186 vars)
  [IP3][13H18H] 624MB ✓ (186 vars)
  [IP3][19H24H] 615MB ✓ (186 vars)
  [IP3][25H30H] 609MB ✓ (186 vars)
  [IP3][31H36H] 620MB ✓ (186 vars)
  [IP3][37H42H] 614MB ✓ (186 vars)
  [IP3][43H48H] 609MB ✓ (186 vars)
  [IP3][49H51H] 299MB ✓ (93 vars)
  ✅ 3D: 4995 vars en 16m 22s
     Pes GRIB: 7.41 GB
     Graella: 120×160 = 19200 punts

  ╔══════════════════════════════════════╗
  ║  🌡️  Convectiu (LCL, LFC, LI, EL)    ║
  ╚══════════════════════════════════════╝
  ✅ 45/45 hores (11s)

  ╔══════════════════════════════════════╗
  ║  📦 GENERANT JSONs                   ║
  ╚══════════════════════════════════════╝
  sfc_07.json: 2262 KB (20 vars) | +07h | 2026-07-18 00:00 CEST
  3d_07.json: 12255 KB (111 vars) | +07h | 2026-07-18 00:00 CEST
  sfc_08.json: 2254 KB (20 vars) | +08h | 2026-07-18 01:00 CEST
  3d_08.json: 12277 KB (111 vars) | +08h | 2026-07-18 01:00 CEST
  sfc_09.json: 2246 KB (20 vars) | +09h | 2026-07-18 02:00 CEST
  3d_09.json: 12298 KB (111 vars) | +09h | 2026-07-18 02:00 CEST
  sfc_10.json: 2241 KB (20 vars) | +10h | 2026-07-18 03:00 CEST
  3d_10.json: 12306 KB (111 vars) | +10h | 2026-07-18 03:00 CEST
  sfc_11.json: 2236 KB (20 vars) | +11h | 2026-07-18 04:00 CEST
  3d_11.json: 12284 KB (111 vars) | +11h | 2026-07-18 04:00 CEST
  sfc_12.json: 2232 KB (20 vars) | +12h | 2026-07-18 05:00 CEST
  3d_12.json: 12263 KB (111 vars) | +12h | 2026-07-18 05:00 CEST
  sfc_13.json: 2235 KB (20 vars) | +13h | 2026-07-18 06:00 CEST
  3d_13.json: 12262 KB (111 vars) | +13h | 2026-07-18 06:00 CEST
  sfc_14.json: 2236 KB (20 vars) | +14h | 2026-07-18 07:00 CEST
  3d_14.json: 12272 KB (111 vars) | +14h | 2026-07-18 07:00 CEST
  sfc_15.json: 2243 KB (20 vars) | +15h | 2026-07-18 08:00 CEST
  3d_15.json: 12281 KB (111 vars) | +15h | 2026-07-18 08:00 CEST
  sfc_16.json: 2256 KB (20 vars) | +16h | 2026-07-18 09:00 CEST
  3d_16.json: 12297 KB (111 vars) | +16h | 2026-07-18 09:00 CEST
  sfc_17.json: 2271 KB (20 vars) | +17h | 2026-07-18 10:00 CEST
  3d_17.json: 12297 KB (111 vars) | +17h | 2026-07-18 10:00 CEST
  sfc_18.json: 2283 KB (20 vars) | +18h | 2026-07-18 11:00 CEST
  3d_18.json: 12286 KB (111 vars) | +18h | 2026-07-18 11:00 CEST
  sfc_19.json: 2288 KB (20 vars) | +19h | 2026-07-18 12:00 CEST
  3d_19.json: 12267 KB (111 vars) | +19h | 2026-07-18 12:00 CEST
  sfc_20.json: 2295 KB (20 vars) | +20h | 2026-07-18 13:00 CEST
  3d_20.json: 12244 KB (111 vars) | +20h | 2026-07-18 13:00 CEST
  sfc_21.json: 2302 KB (20 vars) | +21h | 2026-07-18 14:00 CEST
  3d_21.json: 12229 KB (111 vars) | +21h | 2026-07-18 14:00 CEST
  sfc_22.json: 2305 KB (20 vars) | +22h | 2026-07-18 15:00 CEST
  3d_22.json: 12212 KB (111 vars) | +22h | 2026-07-18 15:00 CEST
  sfc_23.json: 2304 KB (20 vars) | +23h | 2026-07-18 16:00 CEST
  3d_23.json: 12197 KB (111 vars) | +23h | 2026-07-18 16:00 CEST
  sfc_24.json: 2297 KB (20 vars) | +24h | 2026-07-18 17:00 CEST
  3d_24.json: 12188 KB (111 vars) | +24h | 2026-07-18 17:00 CEST
  sfc_25.json: 2294 KB (20 vars) | +25h | 2026-07-18 18:00 CEST
  3d_25.json: 12187 KB (111 vars) | +25h | 2026-07-18 18:00 CEST
  sfc_26.json: 2295 KB (20 vars) | +26h | 2026-07-18 19:00 CEST
  3d_26.json: 12187 KB (111 vars) | +26h | 2026-07-18 19:00 CEST
  sfc_27.json: 2295 KB (20 vars) | +27h | 2026-07-18 20:00 CEST
  3d_27.json: 12193 KB (111 vars) | +27h | 2026-07-18 20:00 CEST
  sfc_28.json: 2292 KB (20 vars) | +28h | 2026-07-18 21:00 CEST
  3d_28.json: 12193 KB (111 vars) | +28h | 2026-07-18 21:00 CEST
  sfc_29.json: 2284 KB (20 vars) | +29h | 2026-07-18 22:00 CEST
  3d_29.json: 12197 KB (111 vars) | +29h | 2026-07-18 22:00 CEST
  sfc_30.json: 2283 KB (20 vars) | +30h | 2026-07-18 23:00 CEST
  3d_30.json: 12205 KB (111 vars) | +30h | 2026-07-18 23:00 CEST
  sfc_31.json: 2277 KB (20 vars) | +31h | 2026-07-19 00:00 CEST
  3d_31.json: 12208 KB (111 vars) | +31h | 2026-07-19 00:00 CEST
  sfc_32.json: 2268 KB (20 vars) | +32h | 2026-07-19 01:00 CEST
  3d_32.json: 12220 KB (111 vars) | +32h | 2026-07-19 01:00 CEST
  sfc_33.json: 2258 KB (20 vars) | +33h | 2026-07-19 02:00 CEST
  3d_33.json: 12235 KB (111 vars) | +33h | 2026-07-19 02:00 CEST
  sfc_34.json: 2252 KB (20 vars) | +34h | 2026-07-19 03:00 CEST
  3d_34.json: 12246 KB (111 vars) | +34h | 2026-07-19 03:00 CEST
  sfc_35.json: 2247 KB (20 vars) | +35h | 2026-07-19 04:00 CEST
  3d_35.json: 12256 KB (111 vars) | +35h | 2026-07-19 04:00 CEST
  sfc_36.json: 2242 KB (20 vars) | +36h | 2026-07-19 05:00 CEST
  3d_36.json: 12269 KB (111 vars) | +36h | 2026-07-19 05:00 CEST
  sfc_37.json: 2241 KB (20 vars) | +37h | 2026-07-19 06:00 CEST
  3d_37.json: 12276 KB (111 vars) | +37h | 2026-07-19 06:00 CEST
  sfc_38.json: 2241 KB (20 vars) | +38h | 2026-07-19 07:00 CEST
  3d_38.json: 12268 KB (111 vars) | +38h | 2026-07-19 07:00 CEST
  sfc_39.json: 2248 KB (20 vars) | +39h | 2026-07-19 08:00 CEST
  3d_39.json: 12270 KB (111 vars) | +39h | 2026-07-19 08:00 CEST
  sfc_40.json: 2272 KB (20 vars) | +40h | 2026-07-19 09:00 CEST
  3d_40.json: 12286 KB (111 vars) | +40h | 2026-07-19 09:00 CEST
  sfc_41.json: 2291 KB (20 vars) | +41h | 2026-07-19 10:00 CEST
  3d_41.json: 12288 KB (111 vars) | +41h | 2026-07-19 10:00 CEST
  sfc_42.json: 2306 KB (20 vars) | +42h | 2026-07-19 11:00 CEST
  3d_42.json: 12294 KB (111 vars) | +42h | 2026-07-19 11:00 CEST
  sfc_43.json: 2318 KB (20 vars) | +43h | 2026-07-19 12:00 CEST
  3d_43.json: 12298 KB (111 vars) | +43h | 2026-07-19 12:00 CEST
  sfc_44.json: 2325 KB (20 vars) | +44h | 2026-07-19 13:00 CEST
  3d_44.json: 12295 KB (111 vars) | +44h | 2026-07-19 13:00 CEST
  sfc_45.json: 2332 KB (20 vars) | +45h | 2026-07-19 14:00 CEST
  3d_45.json: 12287 KB (111 vars) | +45h | 2026-07-19 14:00 CEST
  sfc_46.json: 2334 KB (20 vars) | +46h | 2026-07-19 15:00 CEST
  3d_46.json: 12273 KB (111 vars) | +46h | 2026-07-19 15:00 CEST
  sfc_47.json: 2339 KB (20 vars) | +47h | 2026-07-19 16:00 CEST
  3d_47.json: 12269 KB (111 vars) | +47h | 2026-07-19 16:00 CEST
  sfc_48.json: 2338 KB (20 vars) | +48h | 2026-07-19 17:00 CEST
  3d_48.json: 12258 KB (111 vars) | +48h | 2026-07-19 17:00 CEST
  sfc_49.json: 2327 KB (20 vars) | +49h | 2026-07-19 18:00 CEST
  3d_49.json: 12264 KB (111 vars) | +49h | 2026-07-19 18:00 CEST
  sfc_50.json: 2321 KB (20 vars) | +50h | 2026-07-19 19:00 CEST
  3d_50.json: 12254 KB (111 vars) | +50h | 2026-07-19 19:00 CEST
  sfc_51.json: 2314 KB (20 vars) | +51h | 2026-07-19 20:00 CEST
  3d_51.json: 12255 KB (111 vars) | +51h | 2026-07-19 20:00 CEST

  ╔══════════════════════════════════════╗
  ║  🔎 INFORME D'INTEGRITAT              ║
  ╚══════════════════════════════════════╝
  ✅ Totes les 45 hores SFC tenen les variables crítiques
  ✅ Totes les 45 hores 3D generades

  📊 status.json generat: 663 B

  ╔══════════════════════════════════════╗
  ║  ✅ FINALITZAT
  ╠══════════════════════════════════════╣
  ║  Fitxers: 90 (SFC: 45/45, 3D: 45/45)
  ║  Pes total: 638.7 MB
  ║  Temps: 19m 17s
  ╚══════════════════════════════════════╝

  📝 Log complet desat a: /home/runner/work/joctempestes/joctempestes/private-scripts/../meu-mapa/public/web_data/logs/run_20260717_222403.log
