=================================================================
  AROME 51h: meteofetch SFC + meteofetch 3D + WCS (blindat)
  Pausa cada 10 req: 5.0s
=================================================================
  Comprovant connexió... ✓

  GetCapabilities... ✓ 9158 coverages
  Runs WCS: 2026-07-17T15, 2026-07-17T12, 2026-07-17T09, 2026-07-17T06, 2026-07-17T03

  Analitzant runs per meteofetch...
    ⚠️  2026-07-17T15: 49H51H no disponible (HTTP 404)
    ✅ 2026-07-17T12: 51 hores OK

  ✅ Run meteofetch: 2026-07-17T12Z = 17/07 14:00 CEST
  ✅ Run WCS:        2026-07-17T12Z = 17/07 14:00 CEST
  Steps: +6h a +51h (46 hores)

  ╔══════════════════════════════════════╗
  ║  📡 SFC: meteofetch SP1+SP2 (19 vars)   ║
  ╚══════════════════════════════════════╝
  [00H06H] SP1: 56MB ✓ (5 vars)
  [00H06H] SP2: 43MB ✓ (5 vars)
  [07H12H] SP1: 51MB ✓ (48 vars)
  [07H12H] SP2: 37MB ✓ (48 vars)
  [13H18H] SP1: 51MB ✓ (48 vars)
  [13H18H] SP2: 37MB ✓ (48 vars)
  [19H24H] SP1: 51MB ✓ (48 vars)
  [19H24H] SP2: 37MB ✓ (48 vars)
  [25H30H] SP1: 50MB ✓ (48 vars)
  [25H30H] SP2: 38MB ✓ (48 vars)
  [31H36H] SP1: 51MB ✓ (48 vars)
  [31H36H] SP2: 37MB ✓ (48 vars)
  [37H42H] SP1: 52MB ✓ (48 vars)
  [37H42H] SP2: 37MB ✓ (48 vars)
  [43H48H] SP1: 51MB ✓ (48 vars)
  [43H48H] SP2: 38MB ✓ (48 vars)
  [49H51H] SP1: 26MB ✓ (24 vars)
  [49H51H] SP2: 19MB ✓ (24 vars)
  ✅ SFC meteofetch: 730 vars en 46/46h
     Pes GRIB: 762.0 MB
     Graella: 120×160 = 19200 punts
     Temps: 1m 25s

  ╔══════════════════════════════════════╗
  ║  🌐 WCS: 4 vars × 46h = 184 req        ║
  ║  Pausa: 0.15s | Descans cada 10: 5.0s ║
  ╚══════════════════════════════════════╝
    ✓ reflectivity_dbz
    ✓ rain
    ✓ lightning
    ✓ precip_water
  [█░░░░░░░░░░░░░░░░░░░]   5.4% 10/184 | 2.1 req/s | ✓10 ✗0 | ETA 1m 22s | +08h    [██░░░░░░░░░░░░░░░░░░]  10.9% 20/184 | 1.5 req/s | ✓20 ✗0 | ETA 1m 49s | +10h    [███░░░░░░░░░░░░░░░░░]  16.3% 30/184 | 1.4 req/s | ✓30 ✗0 | ETA 1m 52s | +13h    [████░░░░░░░░░░░░░░░░]  21.7% 40/184 | 1.3 req/s | ✓40 ✗0 | ETA 1m 50s | +15h    [█████░░░░░░░░░░░░░░░]  27.2% 50/184 | 1.3 req/s | ✓50 ✗0 | ETA 1m 45s | +18h    [██████░░░░░░░░░░░░░░]  32.6% 60/184 | 1.2 req/s | ✓60 ✗0 | ETA 1m 39s | +20h    [███████░░░░░░░░░░░░░]  38.0% 70/184 | 1.2 req/s | ✓70 ✗0 | ETA 1m 32s | +23h    [████████░░░░░░░░░░░░]  43.5% 80/184 | 1.2 req/s | ✓80 ✗0 | ETA 1m 24s | +25h    [█████████░░░░░░░░░░░]  48.9% 90/184 | 1.2 req/s | ✓90 ✗0 | ETA 1m 17s | +28h    [██████████░░░░░░░░░░]  54.3% 100/184 | 1.2 req/s | ✓100 ✗0 | ETA 1m 9s | +30h    [███████████░░░░░░░░░]  59.8% 110/184 | 1.2 req/s | ✓110 ✗0 | ETA 1m 1s | +33h    [█████████████░░░░░░░]  65.2% 120/184 | 1.2 req/s | ✓120 ✗0 | ETA 53s | +35h    [██████████████░░░░░░]  70.7% 130/184 | 1.2 req/s | ✓130 ✗0 | ETA 45s | +38h    [███████████████░░░░░]  76.1% 140/184 | 1.2 req/s | ✓140 ✗0 | ETA 37s | +40h    [████████████████░░░░]  81.5% 150/184 | 1.2 req/s | ✓150 ✗0 | ETA 28s | +43h    [█████████████████░░░]  87.0% 160/184 | 1.2 req/s | ✓160 ✗0 | ETA 20s | +45h    [██████████████████░░]  92.4% 170/184 | 1.2 req/s | ✓170 ✗0 | ETA 12s | +48h    [███████████████████░]  97.8% 180/184 | 1.2 req/s | ✓180 ✗0 | ETA 3s | +50h    [████████████████████] 100.0% 184/184 | 1.2 req/s | ✓184 ✗0 | ETA 0s | +51h  
  ✅ WCS: 184 vars OK en 2m 37s

  ╔══════════════════════════════════════╗
  ║  📡 3D: IP1+IP3 (meteofetch)        ║
  ╚══════════════════════════════════════╝
  [IP1][00H06H] 494MB ✓ (80 vars)
  [IP1][07H12H] 412MB ✓ (480 vars)
  [IP1][13H18H] 399MB ✓ (480 vars)
  [IP1][19H24H] 390MB ✓ (480 vars)
  [IP1][25H30H] 395MB ✓ (480 vars)
  [IP1][31H36H] 395MB ✓ (480 vars)
  [IP1][37H42H] 391MB ✓ (480 vars)
  [IP1][43H48H] 388MB ✓ (480 vars)
  [IP1][49H51H] 196MB ✓ (240 vars)
  [IP3][00H06H] 762MB ✓ (31 vars)
  [IP3][07H12H] 644MB ✓ (186 vars)
  [IP3][13H18H] 631MB ✓ (186 vars)
  [IP3][19H24H] 618MB ✓ (186 vars)
  [IP3][25H30H] 611MB ✓ (186 vars)
  [IP3][31H36H] 618MB ✓ (186 vars)
  [IP3][37H42H] 616MB ✓ (186 vars)
  [IP3][43H48H] 611MB ✓ (186 vars)
  [IP3][49H51H] 303MB ✓ (93 vars)
  ✅ 3D: 5106 vars en 14m 56s
     Pes GRIB: 8.67 GB
     Graella: 120×160 = 19200 punts

  ╔══════════════════════════════════════╗
  ║  🔄 Interpolant WCS → meteofetch    ║
  ╚══════════════════════════════════════╝
  ✅ 184 variables interpolades (61×81 → 120×160)

  ╔══════════════════════════════════════╗
  ║  🌡️  Convectiu (LCL, LFC, LI, EL)    ║
  ╚══════════════════════════════════════╝
  ✅ 46/46 hores (11s)

  ╔══════════════════════════════════════╗
  ║  📦 GENERANT JSONs                   ║
  ╚══════════════════════════════════════╝
  sfc_06.json: 2076 KB (18 vars) | +06h | 2026-07-17 20:00 CEST
  3d_06.json: 12215 KB (111 vars) | +06h | 2026-07-17 20:00 CEST
  sfc_07.json: 2650 KB (24 vars) | +07h | 2026-07-17 21:00 CEST
  3d_07.json: 12220 KB (111 vars) | +07h | 2026-07-17 21:00 CEST
  sfc_08.json: 2657 KB (24 vars) | +08h | 2026-07-17 22:00 CEST
  3d_08.json: 12230 KB (111 vars) | +08h | 2026-07-17 22:00 CEST
  sfc_09.json: 2664 KB (24 vars) | +09h | 2026-07-17 23:00 CEST
  3d_09.json: 12245 KB (111 vars) | +09h | 2026-07-17 23:00 CEST
  sfc_10.json: 2658 KB (24 vars) | +10h | 2026-07-18 00:00 CEST
  3d_10.json: 12259 KB (111 vars) | +10h | 2026-07-18 00:00 CEST
  sfc_11.json: 2651 KB (24 vars) | +11h | 2026-07-18 01:00 CEST
  3d_11.json: 12278 KB (111 vars) | +11h | 2026-07-18 01:00 CEST
  sfc_12.json: 2643 KB (24 vars) | +12h | 2026-07-18 02:00 CEST
  3d_12.json: 12298 KB (111 vars) | +12h | 2026-07-18 02:00 CEST
  sfc_13.json: 2637 KB (24 vars) | +13h | 2026-07-18 03:00 CEST
  3d_13.json: 12304 KB (111 vars) | +13h | 2026-07-18 03:00 CEST
  sfc_14.json: 2634 KB (24 vars) | +14h | 2026-07-18 04:00 CEST
  3d_14.json: 12287 KB (111 vars) | +14h | 2026-07-18 04:00 CEST
  sfc_15.json: 2629 KB (24 vars) | +15h | 2026-07-18 05:00 CEST
  3d_15.json: 12269 KB (111 vars) | +15h | 2026-07-18 05:00 CEST
  sfc_16.json: 2631 KB (24 vars) | +16h | 2026-07-18 06:00 CEST
  3d_16.json: 12269 KB (111 vars) | +16h | 2026-07-18 06:00 CEST
  sfc_17.json: 2632 KB (24 vars) | +17h | 2026-07-18 07:00 CEST
  3d_17.json: 12277 KB (111 vars) | +17h | 2026-07-18 07:00 CEST
  sfc_18.json: 2638 KB (24 vars) | +18h | 2026-07-18 08:00 CEST
  3d_18.json: 12286 KB (111 vars) | +18h | 2026-07-18 08:00 CEST
  sfc_19.json: 2649 KB (24 vars) | +19h | 2026-07-18 09:00 CEST
  3d_19.json: 12302 KB (111 vars) | +19h | 2026-07-18 09:00 CEST
  sfc_20.json: 2665 KB (24 vars) | +20h | 2026-07-18 10:00 CEST
  3d_20.json: 12300 KB (111 vars) | +20h | 2026-07-18 10:00 CEST
  sfc_21.json: 2677 KB (24 vars) | +21h | 2026-07-18 11:00 CEST
  3d_21.json: 12287 KB (111 vars) | +21h | 2026-07-18 11:00 CEST
  sfc_22.json: 2681 KB (24 vars) | +22h | 2026-07-18 12:00 CEST
  3d_22.json: 12270 KB (111 vars) | +22h | 2026-07-18 12:00 CEST
  sfc_23.json: 2687 KB (24 vars) | +23h | 2026-07-18 13:00 CEST
  3d_23.json: 12248 KB (111 vars) | +23h | 2026-07-18 13:00 CEST
  sfc_24.json: 2693 KB (24 vars) | +24h | 2026-07-18 14:00 CEST
  3d_24.json: 12232 KB (111 vars) | +24h | 2026-07-18 14:00 CEST
  sfc_25.json: 2696 KB (24 vars) | +25h | 2026-07-18 15:00 CEST
  3d_25.json: 12217 KB (111 vars) | +25h | 2026-07-18 15:00 CEST
  sfc_26.json: 2696 KB (24 vars) | +26h | 2026-07-18 16:00 CEST
  3d_26.json: 12201 KB (111 vars) | +26h | 2026-07-18 16:00 CEST
  sfc_27.json: 2690 KB (24 vars) | +27h | 2026-07-18 17:00 CEST
  3d_27.json: 12193 KB (111 vars) | +27h | 2026-07-18 17:00 CEST
  sfc_28.json: 2687 KB (24 vars) | +28h | 2026-07-18 18:00 CEST
  3d_28.json: 12190 KB (111 vars) | +28h | 2026-07-18 18:00 CEST
  sfc_29.json: 2688 KB (24 vars) | +29h | 2026-07-18 19:00 CEST
  3d_29.json: 12189 KB (111 vars) | +29h | 2026-07-18 19:00 CEST
  sfc_30.json: 2687 KB (24 vars) | +30h | 2026-07-18 20:00 CEST
  3d_30.json: 12194 KB (111 vars) | +30h | 2026-07-18 20:00 CEST
  sfc_31.json: 2682 KB (24 vars) | +31h | 2026-07-18 21:00 CEST
  3d_31.json: 12197 KB (111 vars) | +31h | 2026-07-18 21:00 CEST
  sfc_32.json: 2673 KB (24 vars) | +32h | 2026-07-18 22:00 CEST
  3d_32.json: 12201 KB (111 vars) | +32h | 2026-07-18 22:00 CEST
  sfc_33.json: 2670 KB (24 vars) | +33h | 2026-07-18 23:00 CEST
  3d_33.json: 12206 KB (111 vars) | +33h | 2026-07-18 23:00 CEST
  sfc_34.json: 2665 KB (24 vars) | +34h | 2026-07-19 00:00 CEST
  3d_34.json: 12208 KB (111 vars) | +34h | 2026-07-19 00:00 CEST
  sfc_35.json: 2656 KB (24 vars) | +35h | 2026-07-19 01:00 CEST
  3d_35.json: 12222 KB (111 vars) | +35h | 2026-07-19 01:00 CEST
  sfc_36.json: 2647 KB (24 vars) | +36h | 2026-07-19 02:00 CEST
  3d_36.json: 12238 KB (111 vars) | +36h | 2026-07-19 02:00 CEST
  sfc_37.json: 2643 KB (24 vars) | +37h | 2026-07-19 03:00 CEST
  3d_37.json: 12249 KB (111 vars) | +37h | 2026-07-19 03:00 CEST
  sfc_38.json: 2638 KB (24 vars) | +38h | 2026-07-19 04:00 CEST
  3d_38.json: 12257 KB (111 vars) | +38h | 2026-07-19 04:00 CEST
  sfc_39.json: 2633 KB (24 vars) | +39h | 2026-07-19 05:00 CEST
  3d_39.json: 12271 KB (111 vars) | +39h | 2026-07-19 05:00 CEST
  sfc_40.json: 2631 KB (24 vars) | +40h | 2026-07-19 06:00 CEST
  3d_40.json: 12279 KB (111 vars) | +40h | 2026-07-19 06:00 CEST
  sfc_41.json: 2632 KB (24 vars) | +41h | 2026-07-19 07:00 CEST
  3d_41.json: 12270 KB (111 vars) | +41h | 2026-07-19 07:00 CEST
  sfc_42.json: 2638 KB (24 vars) | +42h | 2026-07-19 08:00 CEST
  3d_42.json: 12273 KB (111 vars) | +42h | 2026-07-19 08:00 CEST
  sfc_43.json: 2660 KB (24 vars) | +43h | 2026-07-19 09:00 CEST
  3d_43.json: 12288 KB (111 vars) | +43h | 2026-07-19 09:00 CEST
  sfc_44.json: 2682 KB (24 vars) | +44h | 2026-07-19 10:00 CEST
  3d_44.json: 12291 KB (111 vars) | +44h | 2026-07-19 10:00 CEST
  sfc_45.json: 2698 KB (24 vars) | +45h | 2026-07-19 11:00 CEST
  3d_45.json: 12295 KB (111 vars) | +45h | 2026-07-19 11:00 CEST
  sfc_46.json: 2711 KB (24 vars) | +46h | 2026-07-19 12:00 CEST
  3d_46.json: 12299 KB (111 vars) | +46h | 2026-07-19 12:00 CEST
  sfc_47.json: 2719 KB (24 vars) | +47h | 2026-07-19 13:00 CEST
  3d_47.json: 12297 KB (111 vars) | +47h | 2026-07-19 13:00 CEST
  sfc_48.json: 2723 KB (24 vars) | +48h | 2026-07-19 14:00 CEST
  3d_48.json: 12289 KB (111 vars) | +48h | 2026-07-19 14:00 CEST
  sfc_49.json: 2726 KB (24 vars) | +49h | 2026-07-19 15:00 CEST
  3d_49.json: 12274 KB (111 vars) | +49h | 2026-07-19 15:00 CEST
  sfc_50.json: 2731 KB (24 vars) | +50h | 2026-07-19 16:00 CEST
  3d_50.json: 12271 KB (111 vars) | +50h | 2026-07-19 16:00 CEST
  sfc_51.json: 2731 KB (24 vars) | +51h | 2026-07-19 17:00 CEST
  3d_51.json: 12262 KB (111 vars) | +51h | 2026-07-19 17:00 CEST

  ╔══════════════════════════════════════╗
  ║  🔎 INFORME D'INTEGRITAT              ║
  ╚══════════════════════════════════════╝
  ✅ Totes les 46 hores SFC tenen les variables crítiques
  ✅ Totes les 46 hores 3D generades

  📊 status.json generat: 663 B

  ╔══════════════════════════════════════╗
  ║  ✅ FINALITZAT
  ╠══════════════════════════════════════╣
  ║  Fitxers: 92 (SFC: 46/46, 3D: 46/46)
  ║  Pes total: 669.8 MB
  ║  Temps: 20m 25s
  ╚══════════════════════════════════════╝

  📝 Log complet desat a: /home/runner/work/joctempestes/joctempestes/private-scripts/../meu-mapa/public/web_data/logs/run_20260717_184942.log
