=================================================================
  AROME 51h: meteofetch SFC + meteofetch 3D + WCS + SRH/SHEAR (blindat)
  Pausa cada 10 req: 5.0s
=================================================================
  Comprovant connexió... ✓

  GetCapabilities... ✓ 9158 coverages
  Runs WCS: 2026-07-21T15, 2026-07-21T12, 2026-07-21T09, 2026-07-21T06, 2026-07-21T03

  Analitzant runs per meteofetch...
    ✅ 2026-07-21T15: 51 hores OK

  ✅ Run meteofetch: 2026-07-21T15Z = 21/07 17:00 CEST
  ✅ Run WCS:        2026-07-21T15Z = 21/07 17:00 CEST
  Steps: +6h a +7h (2 hores)

  ╔══════════════════════════════════════╗
  ║  📡 SFC: meteofetch SP1+SP2 (19 vars)   ║
  ╚══════════════════════════════════════╝
  [00H06H] SP1: 53MB ✓ (5 vars)
  [00H06H] SP2: 40MB ✓ (5 vars)
  [07H12H] SP1: 50MB ✓ (9 vars)
  [07H12H] SP2: 35MB ✓ (10 vars)
  ✅ SFC meteofetch: 29 vars en 2/2h
     Pes GRIB: 177.9 MB
     Graella: 140×200 = 28000 punts
     Temps: 19s

  ╔══════════════════════════════════════╗
  ║  🌐 WCS: 4 vars × 2h = 8 req        ║
  ║  Pausa: 0.15s | Descans cada 10: 5.0s ║
  ╚══════════════════════════════════════╝
    ✓ reflectivity_dbz
    ✓ rain
    ✓ lightning
    ✓ precip_water
  [████████████████████] 100.0% 8/8 | 0.7 req/s | ✓8 ✗0 | ETA 0s | +07h  
  ✅ WCS: 8 vars OK en 11s

  ╔══════════════════════════════════════╗
  ║  📡 3D: IP1+IP3 (meteofetch)        ║
  ╚══════════════════════════════════════╝
  [IP1][00H06H] 462MB ✓ (80 vars)
  [IP1][07H12H] 391MB ✓ (80 vars)
  [IP3][00H06H] 701MB ✓ (31 vars)


  ⚠️  Senyal d'interrupció rebuda (Ctrl+C). Acabant la petició en curs i
      desant tot el que ja s'hagi descarregat... (Ctrl+C un altre cop força sortida)

  ❌ Sortida forçada per l'usuari.
