=================================================================
  AROME 51h: meteofetch SFC + meteofetch 3D + WCS + SRH/SHEAR (blindat)
  Pausa cada 10 req: 5.0s
=================================================================
  Comprovant connexió... ✓
  ✓ Borrats 4 fitxers (44.1 MB alliberats)

  GetCapabilities... ✓ 15746 coverages
  Runs WCS: 2026-07-21T18, 2026-07-21T15, 2026-07-21T12, 2026-07-21T09, 2026-07-21T06

  Analitzant runs per meteofetch...
    ⚠️  2026-07-21T18: 49H51H no disponible (HTTP 404)
    ✅ 2026-07-21T15: 51 hores OK

  ✅ Run meteofetch: 2026-07-21T15Z = 21/07 17:00 CEST
  ✅ Run WCS:        2026-07-21T15Z = 21/07 17:00 CEST
  Steps: +7h a +51h (45 hores)

  ╔══════════════════════════════════════╗
  ║  📡 SFC: meteofetch SP1+SP2 (18 vars)   ║
  ╚══════════════════════════════════════╝
  [07H12H] SP1: 50MB ✓ (48 vars)
  [07H12H] SP2: 35MB ✓ (60 vars)
  [13H18H] SP1: 50MB ✓ (48 vars)
  [13H18H] SP2: 36MB ✓ (60 vars)
  [19H24H] SP1: 49MB ✓ (48 vars)
  [19H24H] SP2: 36MB ✓ (60 vars)
  [25H30H] SP1: 49MB ✓ (48 vars)
  [25H30H] SP2: 35MB ✓ (60 vars)
  [31H36H] SP1: 51MB ✓ (48 vars)


  ⚠️  Senyal d'interrupció rebuda (Ctrl+C). Acabant la petició en curs i
      desant tot el que ja s'hagi descarregat... (Ctrl+C un altre cop força sortida)

  ❌ Sortida forçada per l'usuari.
