=================================================================
  AROME 51h: meteofetch SFC + meteofetch 3D + WCS (blindat)
  Pausa cada 10 req: 5.0s
=================================================================
  Comprovant connexió... ✓

  GetCapabilities... ✓ 7953 coverages
  Runs WCS: 2026-07-18T00, 2026-07-17T21, 2026-07-17T18, 2026-07-17T15, 2026-07-17T12

  Analitzant runs per meteofetch...
    ✅ 2026-07-18T00: 51 hores OK

  ✅ Run meteofetch: 2026-07-18T00Z = 18/07 02:00 CEST
  ✅ Run WCS:        2026-07-18T00Z = 18/07 02:00 CEST
  Steps: +3h a +51h (49 hores)

  ╔══════════════════════════════════════╗
  ║  📡 SFC: meteofetch SP1+SP2 (19 vars)   ║
  ╚══════════════════════════════════════╝
  [00H06H] SP1: 54MB ✓ (29 vars)
  [00H06H] SP2: 41MB ✓ (29 vars)
  [07H12H] SP1: 51MB ✓ (48 vars)
  [07H12H] SP2: 36MB ✓ (48 vars)
  [13H18H] SP1: 50MB ✓ (48 vars)
  [13H18H] SP2: 37MB ✓ (48 vars)
  [19H24H] SP1: 51MB ✓ (48 vars)
  [19H24H] SP2: 37MB ✓ (48 vars)
  [25H30H] SP1: 52MB ✓ (48 vars)
  [25H30H] SP2: 37MB ✓ (48 vars)
  [31H36H] SP1: 50MB ✓ (48 vars)
  [31H36H] SP2: 38MB ✓ (48 vars)
  [37H42H] SP1: 50MB ✓ (48 vars)
  [37H42H] SP2: 37MB ✓ (48 vars)
  [43H48H] SP1: 51MB ✓ (48 vars)
  [43H48H] SP2: 36MB ✓ (48 vars)
  [49H51H] SP1: 26MB ✓ (24 vars)
  [49H51H] SP2: 18MB ✓ (24 vars)
  ✅ SFC meteofetch: 778 vars en 49/49h
     Pes GRIB: 750.3 MB
     Graella: 120×160 = 19200 punts
     Temps: 1m 38s

  ╔══════════════════════════════════════╗
  ║  🌐 WCS: 4 vars × 49h = 196 req        ║
  ║  Pausa: 0.15s | Descans cada 10: 5.0s ║
  ╚══════════════════════════════════════╝
    ✓ reflectivity_dbz
    ✓ rain
    ✓ lightning
    ✓ precip_water
  [█░░░░░░░░░░░░░░░░░░░]   5.1% 10/196 | 2.4 req/s | ✓10 ✗0 | ETA 1m 17s | +05h    [██░░░░░░░░░░░░░░░░░░]  10.2% 20/196 | 1.6 req/s | ✓20 ✗0 | ETA 1m 50s | +07h    [███░░░░░░░░░░░░░░░░░]  15.3% 30/196 | 1.4 req/s | ✓30 ✗0 | ETA 1m 54s | +10h    [████░░░░░░░░░░░░░░░░]  20.4% 40/196 | 0.5 req/s | ✓40 ✗0 | ETA 5m 38s | +12h    [█████░░░░░░░░░░░░░░░]  25.5% 50/196 | 0.5 req/s | ✓50 ✗0 | ETA 4m 37s | +15h    [██████░░░░░░░░░░░░░░]  30.6% 60/196 | 0.6 req/s | ✓60 ✗0 | ETA 3m 54s | +17h    [███████░░░░░░░░░░░░░]  35.7% 70/196 | 0.6 req/s | ✓70 ✗0 | ETA 3m 20s | +20h    [████████░░░░░░░░░░░░]  40.8% 80/196 | 0.7 req/s | ✓80 ✗0 | ETA 2m 53s | +22h    [█████████░░░░░░░░░░░]  45.9% 90/196 | 0.7 req/s | ✓90 ✗0 | ETA 2m 30s | +25h    [██████████░░░░░░░░░░]  51.0% 100/196 | 0.7 req/s | ✓100 ✗0 | ETA 2m 10s | +27h    [███████████░░░░░░░░░]  56.1% 110/196 | 0.5 req/s | ✓110 ✗0 | ETA 2m 37s | +30h    [████████████░░░░░░░░]  61.2% 120/196 | 0.6 req/s | ✓120 ✗0 | ETA 2m 13s | +32h    [█████████████░░░░░░░]  66.3% 130/196 | 0.6 req/s | ✓130 ✗0 | ETA 1m 51s | +35h    [██████████████░░░░░░]  71.4% 140/196 | 0.6 req/s | ✓140 ✗0 | ETA 1m 30s | +37h    [███████████████░░░░░]  76.5% 150/196 | 0.6 req/s | ✓150 ✗0 | ETA 1m 14s | +40h    [████████████████░░░░]  81.6% 160/196 | 0.6 req/s | ✓160 ✗0 | ETA 57s | +42h    [█████████████████░░░]  86.7% 170/196 | 0.7 req/s | ✓170 ✗0 | ETA 40s | +45h    [██████████████████░░]  91.8% 180/196 | 0.7 req/s | ✓180 ✗0 | ETA 24s | +47h    [███████████████████░]  96.9% 190/196 | 0.6 req/s | ✓190 ✗0 | ETA 10s | +50h    [████████████████████] 100.0% 196/196 | 0.6 req/s | ✓196 ✗0 | ETA 0s | +51h  
  ✅ WCS: 196 vars OK en 5m 9s

  ╔══════════════════════════════════════╗
  ║  📡 3D: IP1+IP3 (meteofetch)        ║
  ╚══════════════════════════════════════╝
  [IP1][00H06H] 475MB ✓ (320 vars)
  [IP1][07H12H] 391MB ✓ (480 vars)
  [IP1][13H18H] 397MB ✓ (480 vars)
  [IP1][19H24H] 396MB ✓ (480 vars)
  [IP1][25H30H] 393MB ✓ (480 vars)
  [IP1][31H36H] 388MB ✓ (480 vars)
  [IP1][37H42H] 391MB ✓ (480 vars)
  [IP1][43H48H] 390MB ✓ (480 vars)
  [IP1][49H51H] 192MB ✓ (240 vars)
  [IP3][00H06H] 748MB ✓ (124 vars)
  [IP3][07H12H] 623MB ✓ (186 vars)
  [IP3][13H18H] 614MB ✓ (186 vars)
  [IP3][19H24H] 619MB ✓ (186 vars)
  [IP3][25H30H] 614MB ✓ (186 vars)
  [IP3][31H36H] 614MB ✓ (186 vars)
  [IP3][37H42H] 607MB ✓ (186 vars)
  [IP3][43H48H] 611MB ✓ (186 vars)
  [IP3][49H51H] 306MB ✓ (93 vars)
  ✅ 3D: 5439 vars en 16m 30s
     Pes GRIB: 8.56 GB
     Graella: 120×160 = 19200 punts

  ╔══════════════════════════════════════╗
  ║  🔄 Interpolant WCS → meteofetch    ║
  ╚══════════════════════════════════════╝
  ✅ 196 variables interpolades (61×81 → 120×160)

  ╔══════════════════════════════════════╗
  ║  🌡️  Convectiu (LCL, LFC, LI, EL)    ║
  ╚══════════════════════════════════════╝
  ✅ 49/49 hores (13s)

  ╔══════════════════════════════════════╗
  ║  📦 GENERANT JSONs                   ║
  ╚══════════════════════════════════════╝
  sfc_03.json: 2628 KB (24 vars) | +03h | 2026-07-18 05:00 CEST
  3d_03.json: 12260 KB (111 vars) | +03h | 2026-07-18 05:00 CEST
  sfc_04.json: 2635 KB (24 vars) | +04h | 2026-07-18 06:00 CEST
  3d_04.json: 12256 KB (111 vars) | +04h | 2026-07-18 06:00 CEST
  sfc_05.json: 2638 KB (24 vars) | +05h | 2026-07-18 07:00 CEST
  3d_05.json: 12260 KB (111 vars) | +05h | 2026-07-18 07:00 CEST
  sfc_06.json: 2069 KB (18 vars) | +06h | 2026-07-18 08:00 CEST
  3d_06.json: 12273 KB (111 vars) | +06h | 2026-07-18 08:00 CEST
  sfc_07.json: 2656 KB (24 vars) | +07h | 2026-07-18 09:00 CEST
  3d_07.json: 12291 KB (111 vars) | +07h | 2026-07-18 09:00 CEST
  sfc_08.json: 2670 KB (24 vars) | +08h | 2026-07-18 10:00 CEST
  3d_08.json: 12295 KB (111 vars) | +08h | 2026-07-18 10:00 CEST
  sfc_09.json: 2683 KB (24 vars) | +09h | 2026-07-18 11:00 CEST
  3d_09.json: 12288 KB (111 vars) | +09h | 2026-07-18 11:00 CEST
  sfc_10.json: 2688 KB (24 vars) | +10h | 2026-07-18 12:00 CEST
  3d_10.json: 12279 KB (111 vars) | +10h | 2026-07-18 12:00 CEST
  sfc_11.json: 2693 KB (24 vars) | +11h | 2026-07-18 13:00 CEST
  3d_11.json: 12269 KB (111 vars) | +11h | 2026-07-18 13:00 CEST
  sfc_12.json: 2697 KB (24 vars) | +12h | 2026-07-18 14:00 CEST
  3d_12.json: 12254 KB (111 vars) | +12h | 2026-07-18 14:00 CEST
  sfc_13.json: 2699 KB (24 vars) | +13h | 2026-07-18 15:00 CEST
  3d_13.json: 12235 KB (111 vars) | +13h | 2026-07-18 15:00 CEST
  sfc_14.json: 2697 KB (24 vars) | +14h | 2026-07-18 16:00 CEST
  3d_14.json: 12216 KB (111 vars) | +14h | 2026-07-18 16:00 CEST
  sfc_15.json: 2695 KB (24 vars) | +15h | 2026-07-18 17:00 CEST
  3d_15.json: 12196 KB (111 vars) | +15h | 2026-07-18 17:00 CEST
  sfc_16.json: 2691 KB (24 vars) | +16h | 2026-07-18 18:00 CEST
  3d_16.json: 12180 KB (111 vars) | +16h | 2026-07-18 18:00 CEST
  sfc_17.json: 2688 KB (24 vars) | +17h | 2026-07-18 19:00 CEST
  3d_17.json: 12171 KB (111 vars) | +17h | 2026-07-18 19:00 CEST
  sfc_18.json: 2687 KB (24 vars) | +18h | 2026-07-18 20:00 CEST
  3d_18.json: 12175 KB (111 vars) | +18h | 2026-07-18 20:00 CEST
  sfc_19.json: 2684 KB (24 vars) | +19h | 2026-07-18 21:00 CEST
  3d_19.json: 12187 KB (111 vars) | +19h | 2026-07-18 21:00 CEST
  sfc_20.json: 2677 KB (24 vars) | +20h | 2026-07-18 22:00 CEST
  3d_20.json: 12195 KB (111 vars) | +20h | 2026-07-18 22:00 CEST
  sfc_21.json: 2680 KB (24 vars) | +21h | 2026-07-18 23:00 CEST
  3d_21.json: 12215 KB (111 vars) | +21h | 2026-07-18 23:00 CEST
  sfc_22.json: 2671 KB (24 vars) | +22h | 2026-07-19 00:00 CEST
  3d_22.json: 12219 KB (111 vars) | +22h | 2026-07-19 00:00 CEST
  sfc_23.json: 2660 KB (24 vars) | +23h | 2026-07-19 01:00 CEST
  3d_23.json: 12227 KB (111 vars) | +23h | 2026-07-19 01:00 CEST
  sfc_24.json: 2653 KB (24 vars) | +24h | 2026-07-19 02:00 CEST
  3d_24.json: 12237 KB (111 vars) | +24h | 2026-07-19 02:00 CEST
  sfc_25.json: 2646 KB (24 vars) | +25h | 2026-07-19 03:00 CEST
  3d_25.json: 12247 KB (111 vars) | +25h | 2026-07-19 03:00 CEST
  sfc_26.json: 2636 KB (24 vars) | +26h | 2026-07-19 04:00 CEST
  3d_26.json: 12259 KB (111 vars) | +26h | 2026-07-19 04:00 CEST
  sfc_27.json: 2631 KB (24 vars) | +27h | 2026-07-19 05:00 CEST
  3d_27.json: 12268 KB (111 vars) | +27h | 2026-07-19 05:00 CEST
  sfc_28.json: 2629 KB (24 vars) | +28h | 2026-07-19 06:00 CEST
  3d_28.json: 12264 KB (111 vars) | +28h | 2026-07-19 06:00 CEST
  sfc_29.json: 2629 KB (24 vars) | +29h | 2026-07-19 07:00 CEST
  3d_29.json: 12268 KB (111 vars) | +29h | 2026-07-19 07:00 CEST
  sfc_30.json: 2640 KB (24 vars) | +30h | 2026-07-19 08:00 CEST
  3d_30.json: 12277 KB (111 vars) | +30h | 2026-07-19 08:00 CEST
  sfc_31.json: 2659 KB (24 vars) | +31h | 2026-07-19 09:00 CEST
  3d_31.json: 12291 KB (111 vars) | +31h | 2026-07-19 09:00 CEST
  sfc_32.json: 2676 KB (24 vars) | +32h | 2026-07-19 10:00 CEST
  3d_32.json: 12288 KB (111 vars) | +32h | 2026-07-19 10:00 CEST
  sfc_33.json: 2693 KB (24 vars) | +33h | 2026-07-19 11:00 CEST
  3d_33.json: 12293 KB (111 vars) | +33h | 2026-07-19 11:00 CEST
  sfc_34.json: 2705 KB (24 vars) | +34h | 2026-07-19 12:00 CEST
  3d_34.json: 12300 KB (111 vars) | +34h | 2026-07-19 12:00 CEST
  sfc_35.json: 2716 KB (24 vars) | +35h | 2026-07-19 13:00 CEST
  3d_35.json: 12300 KB (111 vars) | +35h | 2026-07-19 13:00 CEST
  sfc_36.json: 2719 KB (24 vars) | +36h | 2026-07-19 14:00 CEST
  3d_36.json: 12290 KB (111 vars) | +36h | 2026-07-19 14:00 CEST
  sfc_37.json: 2720 KB (24 vars) | +37h | 2026-07-19 15:00 CEST
  3d_37.json: 12274 KB (111 vars) | +37h | 2026-07-19 15:00 CEST
  sfc_38.json: 2722 KB (24 vars) | +38h | 2026-07-19 16:00 CEST
  3d_38.json: 12263 KB (111 vars) | +38h | 2026-07-19 16:00 CEST
  sfc_39.json: 2721 KB (24 vars) | +39h | 2026-07-19 17:00 CEST
  3d_39.json: 12253 KB (111 vars) | +39h | 2026-07-19 17:00 CEST
  sfc_40.json: 2717 KB (24 vars) | +40h | 2026-07-19 18:00 CEST
  3d_40.json: 12249 KB (111 vars) | +40h | 2026-07-19 18:00 CEST
  sfc_41.json: 2710 KB (24 vars) | +41h | 2026-07-19 19:00 CEST
  3d_41.json: 12247 KB (111 vars) | +41h | 2026-07-19 19:00 CEST
  sfc_42.json: 2706 KB (24 vars) | +42h | 2026-07-19 20:00 CEST
  3d_42.json: 12258 KB (111 vars) | +42h | 2026-07-19 20:00 CEST
  sfc_43.json: 2697 KB (24 vars) | +43h | 2026-07-19 21:00 CEST
  3d_43.json: 12272 KB (111 vars) | +43h | 2026-07-19 21:00 CEST
  sfc_44.json: 2676 KB (24 vars) | +44h | 2026-07-19 22:00 CEST
  3d_44.json: 12263 KB (111 vars) | +44h | 2026-07-19 22:00 CEST
  sfc_45.json: 2659 KB (24 vars) | +45h | 2026-07-19 23:00 CEST
  3d_45.json: 12254 KB (111 vars) | +45h | 2026-07-19 23:00 CEST
  sfc_46.json: 2644 KB (24 vars) | +46h | 2026-07-20 00:00 CEST
  3d_46.json: 12245 KB (111 vars) | +46h | 2026-07-20 00:00 CEST
  sfc_47.json: 2631 KB (24 vars) | +47h | 2026-07-20 01:00 CEST
  3d_47.json: 12236 KB (111 vars) | +47h | 2026-07-20 01:00 CEST
  sfc_48.json: 2623 KB (24 vars) | +48h | 2026-07-20 02:00 CEST
  3d_48.json: 12218 KB (111 vars) | +48h | 2026-07-20 02:00 CEST
  sfc_49.json: 2622 KB (24 vars) | +49h | 2026-07-20 03:00 CEST
  3d_49.json: 12204 KB (111 vars) | +49h | 2026-07-20 03:00 CEST
  sfc_50.json: 2624 KB (24 vars) | +50h | 2026-07-20 04:00 CEST
  3d_50.json: 12207 KB (111 vars) | +50h | 2026-07-20 04:00 CEST
  sfc_51.json: 2622 KB (24 vars) | +51h | 2026-07-20 05:00 CEST
  3d_51.json: 12207 KB (111 vars) | +51h | 2026-07-20 05:00 CEST

  ╔══════════════════════════════════════╗
  ║  🔎 INFORME D'INTEGRITAT              ║
  ╚══════════════════════════════════════╝
  ✅ Totes les 49 hores SFC tenen les variables crítiques
  ✅ Totes les 49 hores 3D generades

  📊 status.json generat: 663 B

  ╔══════════════════════════════════════╗
  ║  ✅ FINALITZAT
  ╠══════════════════════════════════════╣
  ║  Fitxers: 98 (SFC: 49/49, 3D: 49/49)
  ║  Pes total: 713.4 MB
  ║  Temps: 24m 52s
  ╚══════════════════════════════════════╝

  📝 Log complet desat a: /home/runner/work/joctempestes/joctempestes/private-scripts/../meu-mapa/public/web_data/logs/run_20260718_033923.log
