=================================================================
  AROME 51h: meteofetch SFC + 3D + SRH/SHEAR + SATÈL·LIT
  Pausa cada 10 req: 5.0s
  Satèl·lit: DESACTIVAT
=================================================================
  Comprovant connexió... ✓
  ✓ Borrats 4 fitxers (36.2 MB alliberats)

  🔍 Buscant el millor run disponible (51 hores)...
    ❌ Run 2026-08-05T06Z: 49H51H no disponible (HTTP 404)
    ✅ Run 2026-08-05T00Z: 51 hores OK (27 MB)
    📌 Seleccionat: 2026-08-05T00Z

  ✅ Run meteofetch: 2026-08-05T00Z = 05/08 02:00 CEST
  Steps: +7h a +8h (2 hores)

  ╔══════════════════════════════════════╗
  ║  📡 SFC: meteofetch SP1+SP2 (18 vars)   ║
  ╚══════════════════════════════════════╝
  [[██████████░░░░░░░░░░]  50.0%] [07H12H] SP1: 52MB ✓ (16 vars)
  [[████████████████████] 100.0%] [07H12H] SP2: 40MB ✓ (20 vars)
  ✅ SFC meteofetch: 36 vars en 2/2h
     Pes GRIB: 91.9 MB
     Graella: 140×200 = 28000 punts
     Temps: 24s

  ╔══════════════════════════════════════╗
  ║  📡 3D: IP1+IP3 (meteofetch)        ║
  ╚══════════════════════════════════════╝
  [[██████████░░░░░░░░░░]  50.0%] [IP1][07H12H] Descarregant... 413MB | Processant... ✓ (160 vars)
  [[████████████████████] 100.0%] [IP3][07H12H] Descarregant... 660MB | Processant... ✓ (62 vars)
  ✅ 3D: 222 vars en 4m 38s
     Pes GRIB: 1.05 GB
     Graella: 140×200 = 28000 punts

  ╔══════════════════════════════════════╗
  ║  🌪️  SRH + SHEAR (0-1km, 0-3km, 0-6km) ║
  ╚══════════════════════════════════════╝
  [[██████████░░░░░░░░░░]  50.0%] Calculant SRH/Shear +07h...  [[████████████████████] 100.0%] Calculant SRH/Shear +08h...
  ✅ SRH + Shear calculats en 4s

  ╔══════════════════════════════════════╗
  ║  🌡️  Convectiu (LCL, LFC, LI, EL)    ║
  ╚══════════════════════════════════════╝
  [[██████████░░░░░░░░░░]  50.0%] Calculant convectiu +07h... ✓  [[████████████████████] 100.0%] Calculant convectiu +08h... ✓
  ✅ 2/2 hores (0s)

  ╔══════════════════════════════════════╗
  ║  📦 GENERANT JSONs                   ║
  ╚══════════════════════════════════════╝
  sfc_07.json: 4229 KB (26 vars) | +07h | 2026-08-05 09:00 CEST
  3d_07.json: 17777 KB (111 vars) | +07h | 2026-08-05 09:00 CEST
  sfc_08.json: 4235 KB (26 vars) | +08h | 2026-08-05 10:00 CEST
  3d_08.json: 17752 KB (111 vars) | +08h | 2026-08-05 10:00 CEST

  ╔══════════════════════════════════════╗
  ║  🔎 INFORME D'INTEGRITAT              ║
  ╚══════════════════════════════════════╝
  ✅ Totes les 2 hores SFC tenen variables crítiques
  ✅ Totes les 2 hores 3D generades

  📊 status.json: 562 B

  ╔══════════════════════════════════════╗
  ║  ✅ FINALITZAT
  ╠══════════════════════════════════════╣
  ║  Fitxers: 4 (SFC: 2/2, 3D: 2/2)
  ║  Satèl·lit: 0h BT108, 0h llamps
  ║  Pes total: 43.0 MB
  ║  Temps: 5m 11s
  ╚══════════════════════════════════════╝

  📝 Log: C:\Users\simob\Documents\GitHub\joctempestes\private-scripts\..\meu-mapa\public\web_data\logs\run_20260805_091924.log
