=================================================================
  AROME 51h: SFC + 3D + SATÈL·LIT + RADAR + SRH/SHEAR
  Satèl·lit: ACTIVAT
=================================================================
  Comprovant connexió... ✓
  ✓ Borrats 20 fitxers (218.3 MB alliberats)

  🔍 Buscant el millor run disponible (51 hores)...
    ❌ Run 2026-08-05T06Z: 49H51H no disponible (HTTP 404)
    ✅ Run 2026-08-05T00Z: 51 hores OK (27 MB)
    📌 Seleccionat: 2026-08-05T00Z

  ✅ Run: 2026-08-05T00Z = 05/08 02:00 CEST
  Steps: +9h a +51h (43 hores)

  ╔══════════════════════════════════════╗
  ║  📡 SFC: meteofetch SP1+SP2 (17 vars)   ║
  ╚══════════════════════════════════════╝
  [[█░░░░░░░░░░░░░░░░░░░]   6.2%] [07H12H] SP1: 52MB ✓ (28 vars)
  [[██░░░░░░░░░░░░░░░░░░]  12.5%] [07H12H] SP2: 40MB ✓ (40 vars)
  [[███░░░░░░░░░░░░░░░░░]  18.8%] [13H18H] SP1: 52MB ✓ (42 vars)
  [[█████░░░░░░░░░░░░░░░]  25.0%] [13H18H] SP2: 41MB ✓ (60 vars)
  [[██████░░░░░░░░░░░░░░]  31.2%] [19H24H] SP1: 52MB ✓ (42 vars)
  [[███████░░░░░░░░░░░░░]  37.5%] [19H24H] SP2: 39MB ✓ (60 vars)
  [[████████░░░░░░░░░░░░]  43.8%] [25H30H] SP1: 53MB ✓ (42 vars)
  [[██████████░░░░░░░░░░]  50.0%] [25H30H] SP2: 39MB ✓ (60 vars)
  [[███████████░░░░░░░░░]  56.2%] [31H36H] SP1: 53MB ✓ (42 vars)
  [[████████████░░░░░░░░]  62.5%] [31H36H] SP2: 40MB ✓ (60 vars)
  [[█████████████░░░░░░░]  68.8%] [37H42H] SP1: 52MB ✓ (42 vars)
  [[███████████████░░░░░]  75.0%] [37H42H] SP2: 39MB ✓ (60 vars)
  [[████████████████░░░░]  81.2%] [43H48H] SP1: 52MB ✓ (42 vars)


  ⚠️  Ctrl+C. Acabant petició en curs i desant...

  ❌ Sortida forçada.
