=================================================================
  AROME 51h: meteofetch SFC + meteofetch 3D + WCS + SRH/SHEAR (blindat)
  Pausa cada 10 req: 5.0s
=================================================================
  Comprovant connexió... ✓
  ✓ Borrats 98 fitxers (734.8 MB alliberats)

  GetCapabilities... ✓ 8435 coverages
  Runs WCS: 2026-07-20T06, 2026-07-20T03, 2026-07-20T00, 2026-07-19T21, 2026-07-19T18

  Analitzant runs per meteofetch...
    ✅ 2026-07-20T06: 51 hores OK

  ✅ Run meteofetch: 2026-07-20T06Z = 20/07 08:00 CEST
  ✅ Run WCS:        2026-07-20T06Z = 20/07 08:00 CEST
  Steps: +5h a +5h (1 hores)

  ╔══════════════════════════════════════╗
  ║  📡 SFC: meteofetch SP1+SP2 (19 vars)   ║
  ╚══════════════════════════════════════╝
  [00H06H] SP1: 54MB ✓ (9 vars)
  [00H06H] SP2: 41MB ✓ (10 vars)
  ✅ SFC meteofetch: 19 vars en 1/1h
     Pes GRIB: 94.6 MB
     Graella: 220×360 = 79200 punts
     Temps: 11s

  ╔══════════════════════════════════════╗
  ║  🌐 WCS: 4 vars × 1h = 4 req        ║
  ║  Pausa: 0.15s | Descans cada 10: 5.0s ║
  ╚══════════════════════════════════════╝
    ✓ reflectivity_dbz
    ✓ rain
    ✓ lightning
    ✓ precip_water
  [████████████████████] 100.0% 4/4 | 2.1 req/s | ✓4 ✗0 | ETA 0s | +05h  
  ✅ WCS: 4 vars OK en 2s

  ╔══════════════════════════════════════╗
  ║  📡 3D: IP1+IP3 (meteofetch)        ║
  ╚══════════════════════════════════════╝
  [IP1][00H06H] 453MB ✓ (80 vars)
  [IP3][00H06H] 701MB ✓ (31 vars)
  ✅ 3D: 111 vars en 47s
     Pes GRIB: 1.13 GB
     Graella: 220×360 = 79200 punts

  ╔══════════════════════════════════════╗
  ║  🌪️  SRH + SHEAR (0-1km, 0-3km, 0-6km) ║
  ╚══════════════════════════════════════╝
  ✅ SRH + Shear calculats en 5s

  ╔══════════════════════════════════════╗
  ║  🔄 Interpolant WCS → meteofetch    ║
  ╚══════════════════════════════════════╝
  ✅ 4 variables interpolades (111×181 → 220×360)

  ╔══════════════════════════════════════╗
  ║  🌡️  Convectiu (LCL, LFC, LI, EL)    ║
  ╚══════════════════════════════════════╝
  ✅ 1/1 hores (1s)

  ╔══════════════════════════════════════╗
  ║  📦 GENERANT JSONs                   ║
  ╚══════════════════════════════════════╝
  sfc_05.json: 14398 KB (31 vars) | +05h | 2026-07-20 13:00 CEST
  3d_05.json: 50580 KB (111 vars) | +05h | 2026-07-20 13:00 CEST

  ╔══════════════════════════════════════╗
  ║  🔎 INFORME D'INTEGRITAT              ║
  ╚══════════════════════════════════════╝
  ✅ Totes les 1 hores SFC tenen les variables crítiques
  ✅ Totes les 1 hores 3D generades

  📊 status.json generat: 704 B

  ╔══════════════════════════════════════╗
  ║  ✅ FINALITZAT
  ╠══════════════════════════════════════╣
  ║  Fitxers: 2 (SFC: 1/1, 3D: 1/1)
  ║  Pes total: 63.5 MB
  ║  Temps: 1m 19s
  ╚══════════════════════════════════════╝

  📝 Log complet desat a: C:\Users\simob\Documents\GitHub\joctempestes\private-scripts\..\meu-mapa\public\web_data\logs\run_20260720_132409.log
