=================================================================
  AROME 51h: meteofetch SFC + 3D + SRH/SHEAR
  Pausa cada 10 req: 5.0s
=================================================================
  Comprovant connexió... ✓

  🔍 Buscant el millor run disponible (51 hores)...
    ❌ Run 2026-08-05T06Z: 49H51H no disponible (HTTP 404)
    ✅ Run 2026-08-05T00Z: 51 hores OK (27 MB)
    📌 Seleccionat: 2026-08-05T00Z

  ✅ Run meteofetch: 2026-08-05T00Z = 05/08 02:00 CEST
  Steps: +6h a +7h (2 hores)

  ╔══════════════════════════════════════╗
  ║  📡 SFC: meteofetch SP1+SP2 (18 vars)   ║
  ╚══════════════════════════════════════╝
  [[█████░░░░░░░░░░░░░░░]  25.0%] [00H06H] SP1: 55MB ✓ (5 vars)
  [[██████████░░░░░░░░░░]  50.0%] [00H06H] SP2: 43MB ✓ (5 vars)
  [[███████████████░░░░░]  75.0%] [07H12H] SP1: 52MB ✓ (8 vars)
  [[████████████████████] 100.0%] [07H12H] SP2: 40MB ✓ (10 vars)
  ✅ SFC meteofetch: 28 vars en 2/2h
     Pes GRIB: 189.3 MB
     Graella: 140×200 = 28000 punts
     Temps: 56s

  ╔══════════════════════════════════════╗
  ║  📡 3D: IP1+IP3 (meteofetch)        ║
  ╚══════════════════════════════════════╝
  [[█████░░░░░░░░░░░░░░░]  25.0%] [IP1][00H06H] Descarregant... 492MB | Processant... ✓ (80 vars)
  [[██████████░░░░░░░░░░]  50.0%] [IP1][07H12H] Descarregant... 413MB | Processant... ✓ (80 vars)
  [[███████████████░░░░░]  75.0%] [IP3][00H06H] Descarregant... 779MB | Processant... ✓ (31 vars)
  [[████████████████████] 100.0%] [IP3][07H12H] Descarregant...     ⚠️  error xarxa (intent 1/5): ('Connection broken: IncompleteRead(346947584 bytes read, 344766262 more expected)', IncompleteRead(346947584 bytes read, 344766262 more expected))
    ⚠️  error xarxa (intent 2/5): HTTPSConnectionPool(host='meteofrance-pnt.s3.rbx.io.cloud.ovh.net', port=443): Read timed out.
    ⚠️  error xarxa (intent 3/5): HTTPSConnectionPool(host='meteofrance-pnt.s3.rbx.io.cloud.ovh.net', port=443): Max retries exceeded with url: /pnt/2026-08-05T00:00:00Z/arome/0025/IP3/arome__0025__IP3__07H12H__2026-08-05T00:00:00Z.grib2 (Caused by NameResolutionError("HTTPSConnection(host='meteofrance-pnt.s3.rbx.io.cloud.ovh.net', port=443): Failed to resolve 'meteofrance-pnt.s3.rbx.io.cloud.ovh.net' ([Errno 11001] getaddrinfo failed)"))
    ⚠️  error xarxa (intent 4/5): HTTPSConnectionPool(host='meteofrance-pnt.s3.rbx.io.cloud.ovh.net', port=443): Max retries exceeded with url: /pnt/2026-08-05T00:00:00Z/arome/0025/IP3/arome__0025__IP3__07H12H__2026-08-05T00:00:00Z.grib2 (Caused by NameResolutionError("HTTPSConnection(host='meteofrance-pnt.s3.rbx.io.cloud.ovh.net', port=443): Failed to resolve 'meteofrance-pnt.s3.rbx.io.cloud.ovh.net' ([Errno 11001] getaddrinfo failed)"))
    ⚠️  error xarxa (intent 5/5): HTTPSConnectionPool(host='meteofrance-pnt.s3.rbx.io.cloud.ovh.net', port=443): Max retries exceeded with url: /pnt/2026-08-05T00:00:00Z/arome/0025/IP3/arome__0025__IP3__07H12H__2026-08-05T00:00:00Z.grib2 (Caused by NameResolutionError("HTTPSConnection(host='meteofrance-pnt.s3.rbx.io.cloud.ovh.net', port=443): Failed to resolve 'meteofrance-pnt.s3.rbx.io.cloud.ovh.net' ([Errno 11001] getaddrinfo failed)"))
❌
  ✅ 3D: 191 vars en 13m 28s
     Pes GRIB: 1.64 GB
     Graella: 140×200 = 28000 punts
    ⚠️  grups fallits: IP3/07H12H

  ╔══════════════════════════════════════╗
  ║  🌪️  SRH + SHEAR (0-1km, 0-3km, 0-6km) ║
  ╚══════════════════════════════════════╝
  [[██████████░░░░░░░░░░]  50.0%] Calculant SRH/Shear +06h...  [[████████████████████] 100.0%] Calculant SRH/Shear +07h...
  ✅ SRH + Shear calculats en 8s

  ╔══════════════════════════════════════╗
  ║  🌡️  Convectiu (LCL, LFC, LI, EL)    ║
  ╚══════════════════════════════════════╝
  [[██████████░░░░░░░░░░]  50.0%] Calculant convectiu +06h... ✓  [[████████████████████] 100.0%] Calculant convectiu +07h... ✓
  ✅ 1/2 hores (1s)

  ╔══════════════════════════════════════╗
  ║  📦 GENERANT JSONs                   ║
  ╚══════════════════════════════════════╝
  sfc_06.json: 3047 KB (18 vars) | +06h | 2026-08-05 08:00 CEST
  3d_06.json: 17789 KB (111 vars) | +06h | 2026-08-05 08:00 CEST
  sfc_07.json: 3535 KB (22 vars) | +07h | 2026-08-05 09:00 CEST
  3d_07.json: 12694 KB (80 vars) | +07h | 2026-08-05 09:00 CEST

  ╔══════════════════════════════════════╗
  ║  🔎 INFORME D'INTEGRITAT              ║
  ╚══════════════════════════════════════╝
  ✅ Totes les 2 hores SFC tenen variables crítiques
  ✅ Totes les 2 hores 3D generades

  📊 status.json: 513 B

  ╔══════════════════════════════════════╗
  ║  ✅ FINALITZAT
  ╠══════════════════════════════════════╣
  ║  Fitxers: 4 (SFC: 2/2, 3D: 2/2)
  ║  Pes total: 36.2 MB
  ║  Temps: 14m 39s
  ╚══════════════════════════════════════╝

  📝 Log: C:\Users\simob\Documents\GitHub\joctempestes\private-scripts\..\meu-mapa\public\web_data\logs\run_20260805_082525.log
