=================================================================
  AROME 51h: meteofetch SFC + meteofetch 3D + WCS + SRH/SHEAR
  Pausa cada 10 req: 5.0s
=================================================================
  Comprovant connexió... ✓
  ✓ Borrats 2 fitxers (22.7 MB alliberats)

  GetCapabilities... ✓ 9399 coverages
  Runs WCS: 2026-07-21T18, 2026-07-21T15, 2026-07-21T12, 2026-07-21T09, 2026-07-21T06

  Analitzant runs per meteofetch...
    ✅ 2026-07-21T18: 51 hores OK

  ✅ Run meteofetch: 2026-07-21T18Z = 21/07 20:00 CEST
  ✅ Run WCS:        2026-07-21T18Z = 21/07 20:00 CEST
  Steps: +5h a +5h (1 hores)

  ╔══════════════════════════════════════╗
  ║  📡 SFC: meteofetch SP1+SP2 (18 vars)   ║
  ╚══════════════════════════════════════╝
  [00H06H] SP1: 54MB ✓ (8 vars)
  [00H06H] SP2: 39MB ✓ (10 vars)
  ✅ SFC meteofetch: 18 vars en 1/1h
     Pes GRIB: 92.8 MB
     Graella: 140×200 = 28000 punts
     Temps: 11s

  ╔══════════════════════════════════════╗
  ║  🌐 WCS: 5 vars × 1h = 5 req        ║
  ║  Pausa: 0.15s | Descans cada 10: 5.0s ║
  ╚══════════════════════════════════════╝
    🔍 Servidor ràpid (9399 coverages)
    ✓ reflectivity_dbz
    ✓ rain
    ✓ lightning
    ✓ precip_water
    ✓ wind_gust
  [████████████████████] 100.0% 5/5 | 2.7 req/s | ✓5 ✗0 | ETA 0s | +05h  
  ✅ WCS: 5 vars OK en 2s

  ╔══════════════════════════════════════╗
  ║  📡 3D: IP1+IP3 (meteofetch)        ║
  ╚══════════════════════════════════════╝
  [IP1][00H06H] 461MB ✓ (80 vars)
  [IP3][00H06H] 714MB ✓ (31 vars)
  ✅ 3D: 111 vars en 1m 6s
     Pes GRIB: 1.15 GB
     Graella: 140×200 = 28000 punts

  ╔══════════════════════════════════════╗
  ║  🌪️  SRH + SHEAR (0-1km, 0-3km, 0-6km) ║
  ╚══════════════════════════════════════╝
  ✅ SRH + Shear calculats en 2s

  ╔══════════════════════════════════════╗
  ║  🔄 Interpolant WCS → meteofetch    ║
  ╚══════════════════════════════════════╝
  ✅ 5 variables interpolades (71×101 → 140×200)

  ╔══════════════════════════════════════╗
  ║  🌡️  Convectiu (LCL, LFC, LI, EL)    ║
  ╚══════════════════════════════════════╝
  ✅ 1/1 hores (0s)

  ╔══════════════════════════════════════╗
  ║  📦 GENERANT JSONs                   ║
  ╚══════════════════════════════════════╝
  sfc_05.json: 5029 KB (31 vars) | +05h | 2026-07-22 01:00 CEST
  3d_05.json: 17861 KB (111 vars) | +05h | 2026-07-22 01:00 CEST

  ╔══════════════════════════════════════╗
  ║  🔎 INFORME D'INTEGRITAT              ║
  ╚══════════════════════════════════════╝
  ✅ Totes les 1 hores SFC tenen variables crítiques
  ✅ Totes les 1 hores 3D generades

  📊 status.json: 680 B

  ╔══════════════════════════════════════╗
  ║  ✅ FINALITZAT
  ╠══════════════════════════════════════╣
  ║  Fitxers: 2 (SFC: 1/1, 3D: 1/1)
  ║  Pes total: 22.4 MB
  ║  Temps: 1m 25s
  ╚══════════════════════════════════════╝

  📝 Log: C:\Users\simob\Documents\GitHub\joctempestes\private-scripts\..\meu-mapa\public\web_data\logs\run_20260722_014348.log
