=================================================================
  AROME 51h: meteofetch SFC + meteofetch 3D + WCS + SRH/SHEAR (blindat)
  Pausa cada 10 req: 5.0s
=================================================================
  Comprovant connexió... ✓

  GetCapabilities... ✓ 15824 coverages
  Runs WCS: 2026-07-21T18, 2026-07-21T15, 2026-07-21T12, 2026-07-21T09, 2026-07-21T06

  Analitzant runs per meteofetch...
    ⚠️  2026-07-21T18: 49H51H no disponible (HTTP 404)
    ✅ 2026-07-21T15: 51 hores OK

  ✅ Run meteofetch: 2026-07-21T15Z = 21/07 17:00 CEST
  ✅ Run WCS:        2026-07-21T15Z = 21/07 17:00 CEST
  Steps: +7h a +7h (1 hores)

  ╔══════════════════════════════════════╗
  ║  📡 SFC: meteofetch SP1+SP2 (18 vars)   ║
  ╚══════════════════════════════════════╝
  [07H12H] SP1: 50MB ✓ (8 vars)
  [07H12H] SP2: 35MB ✓ (10 vars)
  ✅ SFC meteofetch: 18 vars en 1/1h
     Pes GRIB: 84.9 MB
     Graella: 140×200 = 28000 punts
     Temps: 10s

  ╔══════════════════════════════════════╗
  ║  🌐 WCS: 5 vars × 1h = 5 req        ║
  ║  Pausa: 0.15s | Descans cada 10: 5.0s ║
  ╚══════════════════════════════════════╝
    ⚠️  reflectivity_dbz: cap coverage trobat per al run 2026-07-21T15
    ⚠️  rain: cap coverage trobat per al run 2026-07-21T15
    ⚠️  lightning: cap coverage trobat per al run 2026-07-21T15
    ⚠️  precip_water: cap coverage trobat per al run 2026-07-21T15
    ⚠️  wind_gust: cap coverage trobat per al run 2026-07-21T15
    ⚠️  cap coverage WCS trobat, s'omet aquesta font

  ╔══════════════════════════════════════╗
  ║  📡 3D: IP1+IP3 (meteofetch)        ║
  ╚══════════════════════════════════════╝
  [IP1][07H12H] 391MB ✓ (80 vars)


  ⚠️  Senyal d'interrupció rebuda (Ctrl+C). Acabant la petició en curs i
      desant tot el que ja s'hagi descarregat... (Ctrl+C un altre cop força sortida)

  ❌ Sortida forçada per l'usuari.
