=================================================================
  AROME 51h: meteofetch SFC + meteofetch 3D + WCS + SRH/SHEAR (blindat)
  Pausa cada 10 req: 5.0s
=================================================================
  Comprovant connexió... ✓

  GetCapabilities... ✓ 15928 coverages
  Runs WCS: 2026-07-21T18, 2026-07-21T15, 2026-07-21T12, 2026-07-21T09, 2026-07-21T06

  Analitzant runs per meteofetch...
    ⚠️  2026-07-21T18: 49H51H no disponible (HTTP 404)
    ✅ 2026-07-21T15: 51 hores OK

  ✅ Run meteofetch: 2026-07-21T15Z = 21/07 17:00 CEST
  ✅ Run WCS:        2026-07-21T15Z = 21/07 17:00 CEST
  Steps: +7h a +7h (1 hores)

  ╔══════════════════════════════════════╗
  ║  📡 SFC: meteofetch SP1+SP2 (18 vars)   ║
  ╚══════════════════════════════════════╝
  [07H12H] SP1: 50MB ✓ (8 vars)
  [07H12H] SP2: 35MB ✓ (10 vars)
  ✅ SFC meteofetch: 18 vars en 1/1h
     Pes GRIB: 84.9 MB
     Graella: 140×200 = 28000 punts
     Temps: 12s

  ╔══════════════════════════════════════╗
  ║  🌐 WCS: 5 vars × 1h = 5 req        ║
  ║  Pausa: 0.15s | Descans cada 10: 5.0s ║
  ╚══════════════════════════════════════╝
    🔍 Servidor lent (15928 coverages)
    ⚠️  Servidor lent detectat: pot no tenir el run 2026-07-21T15
    🔄 S'activarà fallback automàtic a runs anteriors si cal
    ⚠️  reflectivity_dbz: cap coverage trobat per al run 2026-07-21T15 (ni amb fallback)
    ⚠️  rain: cap coverage trobat per al run 2026-07-21T15 (ni amb fallback)
    ⚠️  lightning: cap coverage trobat per al run 2026-07-21T15 (ni amb fallback)
    ⚠️  precip_water: cap coverage trobat per al run 2026-07-21T15 (ni amb fallback)
    ⚠️  wind_gust: cap coverage trobat per al run 2026-07-21T15 (ni amb fallback)
    ⚠️  cap coverage WCS trobat, s'omet aquesta font

  ❌ ERROR INESPERAT: not enough values to unpack (expected 4, got 3)
Traceback (most recent call last):
  File "C:\Users\simob\Documents\GitHub\joctempestes\private-scripts\cat.py", line 1618, in main
    sfc_wcs, lats_wcs, lons_wcs, run_wcs_real = descarregar_sfc_wcs(
    ^^^^^^^^^^^^^^^^^^^^^^^^^^^^^^^^^^^^^^^^^
ValueError: not enough values to unpack (expected 4, got 3)

  ╔══════════════════════════════════════╗
  ║  🔎 INFORME D'INTEGRITAT              ║
  ╚══════════════════════════════════════╝
  ⚠️  1/1 hores SFC amb variables crítiques absents:
       +07h: falten ['st', 'srh', 'su', 'sv', 'pressure_msl', 'cape']
  ⚠️  1/1 hores 3D absents: [7]

  📊 status.json generat: 717 B

  📝 Log complet desat a: C:\Users\simob\Documents\GitHub\joctempestes\private-scripts\..\meu-mapa\public\web_data\logs\run_20260722_003158.log
