=================================================================
  AROME 51h: SFC + 3D + SATÈL·LIT + RADAR + SRH/SHEAR
  Satèl·lit: ACTIVAT
=================================================================
  Comprovant connexió... ✓
  ✓ Borrats 40 fitxers (441.6 MB alliberats)

  🔍 Buscant el millor run disponible (51 hores)...
    ❌ Run 2026-08-07T18Z: 49H51H no disponible
    ✅ Run 2026-08-07T12Z: 51 hores OK
    📌 Seleccionat: 2026-08-07T12Z

  ✅ Run: 2026-08-07T12Z = 07/08 14:00 CEST
  Steps: +0h a +50h (51 hores)

  ╔══════════════════════════════════════╗
  ║  📡 SFC: meteofetch SP1+SP2 (17 vars)   ║
  ╚══════════════════════════════════════╝
  [[█░░░░░░░░░░░░░░░░░░░]   5.6%] [00H06H] SP1: 53MB ✓ (47 vars)
  [[██░░░░░░░░░░░░░░░░░░]  11.1%] [00H06H] SP2: 40MB ✓ (65 vars)
  [[███░░░░░░░░░░░░░░░░░]  16.7%] [07H12H] SP1: 50MB ✓ (42 vars)
  [[████░░░░░░░░░░░░░░░░]  22.2%] [07H12H] SP2: 34MB ✓ (60 vars)
  [[█████░░░░░░░░░░░░░░░]  27.8%] [13H18H] SP1: 51MB ✓ (42 vars)
  [[██████░░░░░░░░░░░░░░]  33.3%] [13H18H] SP2: 35MB ✓ (60 vars)
  [[███████░░░░░░░░░░░░░]  38.9%] [19H24H] SP1: 50MB ✓ (42 vars)
  [[████████░░░░░░░░░░░░]  44.4%] [19H24H] SP2: 36MB ✓ (60 vars)
  [[██████████░░░░░░░░░░]  50.0%] [25H30H] SP1: 50MB ✓ (42 vars)


  ⚠️  Ctrl+C. Acabant...

  ❌ Sortida forçada.
