=================================================================
  AROME 51h: meteofetch SFC + meteofetch 3D + WCS + SRH/SHEAR
  Pausa cada 10 req: 5.0s
=================================================================
  Comprovant connexió... ✓
✓ 8917 coverages
  Runs WCS: 2026-07-22T12, 2026-07-22T09, 2026-07-22T06, 2026-07-22T03, 2026-07-22T00

  Analitzant runs per meteofetch...
    ⚠️  2026-07-22T12: 49H51H no disponible (HTTP 404)
    ⚠️  2026-07-22T09: 49H51H no disponible (HTTP 404)
    ⚠️  2026-07-22T06: 49H51H no disponible (HTTP 404)
    ✅ 2026-07-22T03: 51 hores OK

  GetCapabilities (intent 1/8)... ✓ 8917 coverages (servidor ràpid) — run 2026-07-22T03 trobat ✅

  ✅ Run meteofetch: 2026-07-22T03Z = 22/07 05:00 CEST
  ✅ Run WCS:        2026-07-22T03Z = 22/07 05:00 CEST
  Steps: +13h a +51h (39 hores)

  ╔══════════════════════════════════════╗
  ║  📡 SFC: meteofetch SP1+SP2 (18 vars)   ║
  ╚══════════════════════════════════════╝


  ⚠️  Ctrl+C. Acabant petició en curs i desant...

  ❌ Sortida forçada.
