=================================================================
  AROME 51h: meteofetch SFC + meteofetch 3D + WCS + SRH/SHEAR (blindat)
  Pausa cada 10 req: 5.0s
=================================================================
  Comprovant connexió... ✓
  ✓ Borrats 2 fitxers (22.4 MB alliberats)

  GetCapabilities... ✓ 8435 coverages
  Runs WCS: 2026-07-20T06, 2026-07-20T03, 2026-07-20T00, 2026-07-19T21, 2026-07-19T18

  Analitzant runs per meteofetch...
    ✅ 2026-07-20T06: 51 hores OK

  ✅ Run meteofetch: 2026-07-20T06Z = 20/07 08:00 CEST
  ✅ Run WCS:        2026-07-20T06Z = 20/07 08:00 CEST
  Steps: +5h a +51h (47 hores)

  ╔══════════════════════════════════════╗
  ║  📡 SFC: meteofetch SP1+SP2 (19 vars)   ║
  ╚══════════════════════════════════════╝
  [00H06H] SP1: 54MB 

  ⚠️  Senyal d'interrupció rebuda (Ctrl+C). Acabant la petició en curs i
      desant tot el que ja s'hagi descarregat... (Ctrl+C un altre cop força sortida)

  ❌ Sortida forçada per l'usuari.
